---
source: rust/codec-latex/tests/examples.rs
expression: info.losses
---
{}
