---
source: rust/node-structuring/tests/examples.rs
expression: node
---
{
  "type": "Article",
  "content": [
    {
      "type": "Paragraph",
      "content": [
        {
          "type": "Text",
          "value": {
            "string": "This document has table references that should NOT be treated as captions."
          }
        }
      ]
    },
    {
      "type": "Paragraph",
      "content": [
        {
          "type": "Text",
          "value": {
            "string": "Table 3 shows that method B performs better. This paragraph should not be treated as a caption because it references rather than describes the table."
          }
        }
      ]
    },
    {
      "type": "Table",
      "rows": [
        {
          "type": "TableRow",
          "cells": [
            {
              "type": "TableCell",
              "content": [
                {
                  "type": "Paragraph",
                  "content": [
                    {
                      "type": "Text",
                      "value": {
                        "string": "Method"
                      }
                    }
                  ]
                }
              ]
            },
            {
              "type": "TableCell",
              "content": [
                {
                  "type": "Paragraph",
                  "content": [
                    {
                      "type": "Text",
                      "value": {
                        "string": "Accuracy"
                      }
                    }
                  ]
                }
              ]
            }
          ],
          "rowType": "HeaderRow"
        },
        {
          "type": "TableRow",
          "cells": [
            {
              "type": "TableCell",
              "content": [
                {
                  "type": "Paragraph",
                  "content": [
                    {
                      "type": "Text",
                      "value": {
                        "string": "A"
                      }
                    }
                  ]
                }
              ]
            },
            {
              "type": "TableCell",
              "content": [
                {
                  "type": "Paragraph",
                  "content": [
                    {
                      "type": "Text",
                      "value": {
                        "string": "85%"
                      }
                    }
                  ]
                }
              ]
            }
          ]
        },
        {
          "type": "TableRow",
          "cells": [
            {
              "type": "TableCell",
              "content": [
                {
                  "type": "Paragraph",
                  "content": [
                    {
                      "type": "Text",
                      "value": {
                        "string": "B"
                      }
                    }
                  ]
                }
              ]
            },
            {
              "type": "TableCell",
              "content": [
                {
                  "type": "Paragraph",
                  "content": [
                    {
                      "type": "Text",
                      "value": {
                        "string": "92%"
                      }
                    }
                  ]
                }
              ]
            }
          ]
        }
      ]
    }
  ]
}
