---
source: rust/codec-openalex/tests/examples.rs
expression: node
---
{
  "type": "Periodical",
  "id": "https://openalex.org/S4306501059",
  "name": "AGU Fall Meeting 2019",
  "identifiers": [
    "https://openalex.org/S4306501059"
  ]
}
