---
source: rust/codec-openalex/tests/examples.rs
expression: node
---
{
  "type": "Organization",
  "name": "Charles George VA Medical Center",
  "ror": "03vwf8m18",
  "alternateNames": [
    "Asheville VA Medical Center"
  ],
  "identifiers": [
    "https://openalex.org/I4210134686",
    "https://ror.org/03vwf8m18",
    {
      "type": "PropertyValue",
      "propertyId": "grid",
      "value": "grid.509332.e"
    }
  ],
  "url": "https://www.asheville.va.gov/"
}
