---
source: rust/schema/tests/patch.rs
expression: "Fixture { old, new, ops, authors_before, authors_after }"
---
old:
  type: Article
  content:
    - type: CodeChunk
      code: "1\n2\n3\n4"
      programmingLanguage: python
new:
  type: Article
  content:
    - type: CodeChunk
      code: "1\n2\n3"
      programmingLanguage: python
    - type: Paragraph
      content:
        - type: Text
          value: para
    - type: CodeChunk
      code: "4"
      programmingLanguage: python
ops:
  - - - content
    - Append:
        - type: Paragraph
          content:
            - type: Text
              value: para
        - type: CodeChunk
          code: "4"
          programmingLanguage: python
  - - - content
      - 0
      - code
    - Set: "1\n2\n3"
authors_before: 1
authors_after: 1
