---
source: rust/schema/tests/patch.rs
expression: "Fixture { old, new, ops, authors_before, authors_after }"
---
old:
  type: Article
  content:
    - type: Paragraph
      content:
        - type: Text
          value: This is something.
    - type: Paragraph
      content:
        - type: Text
          value: And something else.
new:
  type: Article
  content:
    - type: Paragraph
      content:
        - type: Text
          value: This is something.
    - type: ThematicBreak
    - type: Paragraph
      content:
        - type: Text
          value: And something else.
ops:
  - - - content
    - Insert:
        - - 1
          - type: ThematicBreak
authors_before: 2
authors_after: 2
