---
source: rust/node-merge/tests/condense.rs
expression: "condense!(r#\"\nOne ![](image1.png), ![](audio1.mp3), ![](video1.mp4).\n\nTwo ![alt](https://example.org/image2.png \"title\"), ![alt](audio1.mp3 \"title\"), ![alt](video1.mp4 \"title\").\n\"#)"
---
0    art_1111111S.pgh_1111111B.txt_11111111               Article:content.0.Paragraph:content.0.Text:value                        Text:value              "One "
1    art_1111111S.pgh_1111111B.img_11111113               Article:content.0.Paragraph:content.1.ImageObject:contentUrl            ImageObject:contentUrl  "image1.png"
2    art_1111111S.pgh_1111111B.txt_11111114               Article:content.0.Paragraph:content.2.Text:value                        Text:value              ", "
3    art_1111111S.pgh_1111111B.aud_11111116               Article:content.0.Paragraph:content.3.AudioObject:contentUrl            AudioObject:contentUrl  "audio1.mp3"
4    art_1111111S.pgh_1111111B.txt_11111117               Article:content.0.Paragraph:content.4.Text:value                        Text:value              ", "
5    art_1111111S.pgh_1111111B.vid_11111119               Article:content.0.Paragraph:content.5.VideoObject:contentUrl            VideoObject:contentUrl  "video1.mp4"
6    art_1111111S.pgh_1111111B.txt_1111111A               Article:content.0.Paragraph:content.6.Text:value                        Text:value              "."
7    art_1111111S.pgh_1111111R.txt_1111111C               Article:content.1.Paragraph:content.0.Text:value                        Text:value              "Two "
8    art_1111111S.pgh_1111111R.img_1111111F.txt_1111111D  Article:content.1.Paragraph:content.1.ImageObject:title.0.Text:value    Text:value              "title"
9    art_1111111S.pgh_1111111R.img_1111111F               Article:content.1.Paragraph:content.1.ImageObject:contentUrl            ImageObject:contentUrl  "https://example.org/image2.png"
10   art_1111111S.pgh_1111111R.img_1111111F.txt_1111111E  Article:content.1.Paragraph:content.1.ImageObject:caption.0.Text:value  Text:value              "alt"
11   art_1111111S.pgh_1111111R.txt_1111111G               Article:content.1.Paragraph:content.2.Text:value                        Text:value              ", "
12   art_1111111S.pgh_1111111R.aud_1111111K.txt_1111111H  Article:content.1.Paragraph:content.3.AudioObject:title.0.Text:value    Text:value              "title"
13   art_1111111S.pgh_1111111R.aud_1111111K               Article:content.1.Paragraph:content.3.AudioObject:contentUrl            AudioObject:contentUrl  "audio1.mp3"
14   art_1111111S.pgh_1111111R.aud_1111111K.txt_1111111J  Article:content.1.Paragraph:content.3.AudioObject:caption.0.Text:value  Text:value              "alt"
15   art_1111111S.pgh_1111111R.txt_1111111L               Article:content.1.Paragraph:content.4.Text:value                        Text:value              ", "
16   art_1111111S.pgh_1111111R.vid_1111111P.txt_1111111M  Article:content.1.Paragraph:content.5.VideoObject:title.0.Text:value    Text:value              "title"
17   art_1111111S.pgh_1111111R.vid_1111111P               Article:content.1.Paragraph:content.5.VideoObject:contentUrl            VideoObject:contentUrl  "video1.mp4"
18   art_1111111S.pgh_1111111R.vid_1111111P.txt_1111111N  Article:content.1.Paragraph:content.5.VideoObject:caption.0.Text:value  Text:value              "alt"
19   art_1111111S.pgh_1111111R.txt_1111111Q               Article:content.1.Paragraph:content.6.Text:value                        Text:value              "."
