---
source: rust/node-merge/tests/condense.rs
expression: "condense!(r#\"\nOne _emphasis_, **strong**, ~~strikeout~~, ~subscript~, ^superscript^.\n\nTwo <u>underline</u>, <q>quote</q>.\n\nThree `code`, `R code`{r}, $math$, `am`{asciimath}.\n\"#)"
---
art_1111111c/pgh_1111111H/txt_11111111               Article:content.0.Paragraph:content.0.Text:value                        "One "
art_1111111c/pgh_1111111H/emp_11111113/txt_11111112  Article:content.0.Paragraph:content.1.Emphasis:content.0.Text:value     "emphasis"
art_1111111c/pgh_1111111H/txt_11111114               Article:content.0.Paragraph:content.2.Text:value                        ", "
art_1111111c/pgh_1111111H/str_11111116/txt_11111115  Article:content.0.Paragraph:content.3.Strong:content.0.Text:value       "strong"
art_1111111c/pgh_1111111H/txt_11111117               Article:content.0.Paragraph:content.4.Text:value                        ", "
art_1111111c/pgh_1111111H/stk_11111119/txt_11111118  Article:content.0.Paragraph:content.5.Strikeout:content.0.Text:value    "strikeout"
art_1111111c/pgh_1111111H/txt_1111111A               Article:content.0.Paragraph:content.6.Text:value                        ", "
art_1111111c/pgh_1111111H/sub_1111111C/txt_1111111B  Article:content.0.Paragraph:content.7.Subscript:content.0.Text:value    "subscript"
art_1111111c/pgh_1111111H/txt_1111111D               Article:content.0.Paragraph:content.8.Text:value                        ", "
art_1111111c/pgh_1111111H/sup_1111111F/txt_1111111E  Article:content.0.Paragraph:content.9.Superscript:content.0.Text:value  "superscript"
art_1111111c/pgh_1111111H/txt_1111111G               Article:content.0.Paragraph:content.10.Text:value                       "."
art_1111111c/pgh_1111111R/txt_1111111J               Article:content.1.Paragraph:content.0.Text:value                        "Two "
art_1111111c/pgh_1111111R/und_1111111L/txt_1111111K  Article:content.1.Paragraph:content.1.Underline:content.0.Text:value    "underline"
art_1111111c/pgh_1111111R/txt_1111111M               Article:content.1.Paragraph:content.2.Text:value                        ", "
art_1111111c/pgh_1111111R/qti_1111111P/txt_1111111N  Article:content.1.Paragraph:content.3.QuoteInline:content.0.Text:value  "quote"
art_1111111c/pgh_1111111R/txt_1111111Q               Article:content.1.Paragraph:content.4.Text:value                        "."
art_1111111c/pgh_1111111b/txt_1111111S               Article:content.2.Paragraph:content.0.Text:value                        "Three "
art_1111111c/pgh_1111111b/cdi_1111111T               Article:content.2.Paragraph:content.1.CodeInline:code                   "code"
art_1111111c/pgh_1111111b/txt_1111111U               Article:content.2.Paragraph:content.2.Text:value                        ", "
art_1111111c/pgh_1111111b/cdi_1111111V               Article:content.2.Paragraph:content.3.CodeInline:code                   "R code"
art_1111111c/pgh_1111111b/cdi_1111111V               Article:content.2.Paragraph:content.3.CodeInline:programmingLanguage    "r"
art_1111111c/pgh_1111111b/txt_1111111W               Article:content.2.Paragraph:content.4.Text:value                        ", "
art_1111111c/pgh_1111111b/mti_1111111X               Article:content.2.Paragraph:content.5.MathInline:code                   "math"
art_1111111c/pgh_1111111b/txt_1111111Y               Article:content.2.Paragraph:content.6.Text:value                        ", "
art_1111111c/pgh_1111111b/mti_1111111Z               Article:content.2.Paragraph:content.7.MathInline:code                   "am"
art_1111111c/pgh_1111111b/mti_1111111Z               Article:content.2.Paragraph:content.7.MathInline:mathLanguage           "asciimath"
art_1111111c/pgh_1111111b/txt_1111111a               Article:content.2.Paragraph:content.8.Text:value                        "."
