---
source: rust/codec-jats/tests/examples.rs
expression: info.losses
---
//article/back/fn-group: 1
//article/back/notes: 3
//article/back/ref-list/@id: 1
//article/back/ref-list/ref/@name-style: 348
//article/back/ref-list/ref/italic/@toggle: 8
//article/body/sec/@id: 4
//article/body/sec/p/@id: 7
//article/body/sec/sec/@id: 17
//article/body/sec/sec/p/@content-type: 11
//article/body/sec/sec/p/@id: 47
//article/body/sec/sec/p/@orientation: 13
//article/body/sec/sec/p/@position: 13
//article/body/sec/sec/p/graphic/@id: 2
//article/body/sec/sec/p/graphic/@orientation: 2
//article/body/sec/sec/p/graphic/@position: 2
//article/body/sec/sec/p/italic/@toggle: 28
//article/body/sec/sec/p/p/ext-link/@ext-link-type: 1
//article/body/sec/sec/p/p/italic/@toggle: 14
//article/body/sec/sec/sec/@id: 4
//article/body/sec/sec/sec/p/@id: 7
//article/body/sec/sec/sec/p/@orientation: 3
//article/body/sec/sec/sec/p/@position: 3
//article/body/sec/sec/sec/p/graphic/@id: 2
//article/body/sec/sec/sec/p/graphic/@orientation: 2
//article/body/sec/sec/sec/p/graphic/@position: 2
//article/body/sec/sec/sec/p/italic/@toggle: 3
//article/body/sec/sec/sec/p/p/italic/@toggle: 1
//article/body/sec/sec/sec/p/table-wrap-foot/p/italic/@toggle: 5
//article/body/sec/sec/sec/p/table/tbody/tr/td/@char: 116
//article/body/sec/sec/sec/p/table/tbody/tr/td/italic/@toggle: 58
//article/front/article-meta/abstract/@id: 1
//article/front/article-meta/abstract/p/@id: 1
//article/front/article-meta/article-version/@article-version-type: 1
//article/front/article-meta/contrib-group/@corresp: 1
//article/front/article-meta/contrib-group/address: 1
//article/front/article-meta/custom-meta-group: 1
//article/front/article-meta/elocation-id: 1
//article/front/article-meta/issue-id: 1
//article/front/article-meta/kwd-group/@kwd-group-type: 1
//article/front/article-meta/permissions: 1
//article/front/article-meta/pub-date/@pub-type: 2
//article/front/article-meta/pub-history: 1
//article/front/article-meta/self-uri: 1
//article/front/journal-meta/issn: 1
//article/front/journal-meta/journal-id: 4
//article/processing-meta: 1
