---
source: rust/codec-jats/tests/examples.rs
expression: info.losses
snapshot_kind: text
---
//article/back/ref-list: 1
//article/body/sec/@id: 9
//article/body/sec/@sec-type: 1
//article/body/sec/p/@id: 11
//article/body/sec/p/xref/@id: 57
//article/body/sec/p/xref/@rel-id: 57
//article/body/sec/sec/@id: 12
//article/body/sec/sec/fig/@fig-type: 3
//article/body/sec/sec/fig/@id: 6
//article/body/sec/sec/fig/@orientation: 3
//article/body/sec/sec/fig/@position: 3
//article/body/sec/sec/fig/@rev-id: 3
//article/body/sec/sec/fig/graphic/@id: 3
//article/body/sec/sec/fig/graphic/@orientation: 3
//article/body/sec/sec/fig/graphic/@position: 3
//article/body/sec/sec/fig/object-id: 9
//article/body/sec/sec/fig/p/@id: 3
//article/body/sec/sec/fig/title/@id: 3
//article/body/sec/sec/p/@id: 6
//article/body/sec/sec/p/italic/@toggle: 1
//article/body/sec/sec/p/xref: 10
//article/body/sec/sec/p/xref/@id: 5
//article/body/sec/sec/p/xref/@rel-id: 5
//article/body/sec/sec/sec/@id: 10
//article/body/sec/sec/sec/fig/@fig-type: 4
//article/body/sec/sec/sec/fig/@id: 8
//article/body/sec/sec/sec/fig/@orientation: 4
//article/body/sec/sec/sec/fig/@position: 4
//article/body/sec/sec/sec/fig/@rev-id: 4
//article/body/sec/sec/sec/fig/graphic/@id: 4
//article/body/sec/sec/sec/fig/graphic/@orientation: 4
//article/body/sec/sec/sec/fig/graphic/@position: 4
//article/body/sec/sec/sec/fig/object-id: 12
//article/body/sec/sec/sec/fig/p/@id: 4
//article/body/sec/sec/sec/fig/title/@id: 4
//article/body/sec/sec/sec/p/@id: 16
//article/body/sec/sec/sec/p/xref: 42
//article/body/sec/sec/sec/p/xref/@id: 2
//article/body/sec/sec/sec/p/xref/@rel-id: 2
//article/body/sec/sec/sec/title/@id: 5
//article/body/sec/sec/table-wrap/@id: 4
//article/body/sec/sec/table-wrap/@orientation: 2
//article/body/sec/sec/table-wrap/@position: 2
//article/body/sec/sec/table-wrap/@rev-id: 2
//article/body/sec/sec/table-wrap/caption/title/@id: 2
//article/body/sec/sec/title/@id: 6
//article/body/sec/supplementary-material: 1
//article/body/sec/title/@id: 5
//article/front/article-meta/abstract/@id: 1
//article/front/article-meta/abstract/p/@id: 1
//article/front/article-meta/abstract/sec/@id: 1
//article/front/article-meta/abstract/sec/p/@id: 1
//article/front/article-meta/abstract/sec/title/@id: 1
//article/front/article-meta/abstract/title/@id: 1
//article/front/article-meta/article-categories/subj-group/@journal: 1
//article/front/article-meta/article-categories/subj-group/@journal-coll-id: 1
//article/front/article-meta/article-id/@sub-type: 5
//article/front/article-meta/author-notes: 1
//article/front/article-meta/contrib-group: 1
//article/front/article-meta/counts: 1
//article/front/article-meta/custom-meta-wrap: 1
//article/front/article-meta/elocation-id: 1
//article/front/article-meta/history: 1
//article/front/article-meta/permissions: 1
//article/front/article-meta/pub-date/@date-type: 1
//article/front/article-meta/pub-date/@pub-type: 5
//article/front/article-meta/pub-date/@publication-format: 1
//article/front/article-meta/pub-date/@start: 5
//article/front/article-meta/self-uri: 8
//article/front/article-meta/title-group: 1
//article/front/journal-meta/abbrev-journal-title: 1
//article/front/journal-meta/journal-id: 2
//article/front/journal-meta/journal-title: 1
//article/front/notes: 1
