---
source: rust/codec-jats/tests/examples.rs
expression: info.losses
---
//article/back/ack/@id: 1
//article/back/fn-group: 1
//article/back/ref-list/@id: 1
//article/back/ref-list/ref/@id: 65
//article/back/ref-list/ref/@name-style: 142
//article/back/ref-list/ref/italic/@toggle: 28
//article/body/sec/@id: 4
//article/body/sec/fig/@fig-type: 2
//article/body/sec/fig/@orientation: 2
//article/body/sec/fig/@position: 2
//article/body/sec/fig/graphic/@id: 2
//article/body/sec/fig/graphic/@orientation: 2
//article/body/sec/fig/graphic/@position: 2
//article/body/sec/fig/p/italic/@toggle: 7
//article/body/sec/p/italic/@toggle: 79
//article/body/sec/sec/@id: 10
//article/body/sec/sec/fig/@fig-type: 7
//article/body/sec/sec/fig/@orientation: 7
//article/body/sec/sec/fig/@position: 7
//article/body/sec/sec/fig/graphic/@id: 7
//article/body/sec/sec/fig/graphic/@orientation: 7
//article/body/sec/sec/fig/graphic/@position: 7
//article/body/sec/sec/fig/p/italic/@toggle: 33
//article/body/sec/sec/p/ext-link/@ext-link-type: 3
//article/body/sec/sec/p/italic/@toggle: 313
//article/body/sec/sec/p/list: 1
//article/body/sec/sec/p/list/@id: 1
//article/body/sec/sec/p/list/@list-type: 1
//article/body/sec/sec/p/xref: 2
//article/body/sec/sec/table-wrap/@content-type: 1
//article/body/sec/sec/table-wrap/@orientation: 1
//article/body/sec/sec/table-wrap/@position: 1
//article/body/sec/sec/table-wrap/table/tbody/tr/td/italic/@toggle: 4
//article/body/sec/sec/table-wrap/table/thead/@style: 1
//article/body/sec/sec/title/italic/@toggle: 4
//article/body/sec/supplementary-material/@content-type: 10
//article/body/sec/supplementary-material/@orientation: 10
//article/body/sec/supplementary-material/@position: 10
//article/body/sec/supplementary-material/p/italic/@toggle: 12
//article/front/article-meta/abstract/abstract: 1
//article/front/article-meta/abstract/p/italic/@toggle: 14
//article/front/article-meta/aff: 1
//article/front/article-meta/article-version/@article-version-type: 1
//article/front/article-meta/author-notes: 1
//article/front/article-meta/contrib-group/@corresp: 1
//article/front/article-meta/contrib-group/@id: 1
//article/front/article-meta/contrib-group/address: 1
//article/front/article-meta/counts: 1
//article/front/article-meta/custom-meta-group: 1
//article/front/article-meta/issue-id: 2
//article/front/article-meta/issue/@seq: 1
//article/front/article-meta/kwd-group/@id: 4
//article/front/article-meta/kwd-group/@kwd-group-type: 1
//article/front/article-meta/permissions: 1
//article/front/article-meta/pub-date/@pub-type: 2
//article/front/article-meta/pub-history: 1
//article/front/article-meta/self-uri: 2
//article/front/journal-meta/custom-meta-group: 1
//article/front/journal-meta/issn: 2
//article/front/journal-meta/journal-id: 5
//article/front/notes: 1
//article/processing-meta: 1
